<?xml version="1.0" encoding="utf-8"?><testsuites><testsuite name="pytest" errors="0" failures="0" skipped="0" tests="11" time="6.827" timestamp="2024-03-01T12:36:53.285621" hostname="DESKTOP-1B13685"><testcase classname="tests.test_structure" name="test_basepath_is_created_at_init" time="0.001" /><testcase classname="tests.storage_flavors.test_delta" name="test_data_path_is_created_at_init" time="0.001" /><testcase classname="tests.storage_flavors.test_delta" name="test_base_path_is_created_at_init" time="0.001" /><testcase classname="tests.storage_flavors.test_delta" name="test_store_name_path_is_created_at_init" time="0.001" /><testcase classname="tests.storage_flavors.test_delta" name="test_metadata_store_path_is_created_at_init" time="0.001" /><testcase classname="tests.storage_flavors.test_delta" name="test_feature_is_saved" time="3.195" /><testcase classname="tests.storage_flavors.test_delta" name="test_path_is_s3" time="0.001" /><testcase classname="tests.storage_flavors.test_delta" name="test_path_is_not_s3" time="0.001" /><testcase classname="tests.storage_flavors.test_delta" name="test_name_is_generated" time="0.001" /><testcase classname="tests.storage_flavors.test_delta" name="test_name_is_not_generated" time="0.001" /><testcase classname="tests.storage_flavors.test_delta" name="test_list_all_features_working" time="3.113" /></testsuite></testsuites>